PASS: main-window minimum and ideal sizes match Mac in DIPs, scale with DPI, and fit a smaller work area
PASS: new and legacy preferences default to the Mac dark theme when no explicit theme is stored
PASS: recognition mode keeps the last preferred language when switching to automatic and migrates legacy settings
PASS: audio input mode defaults to Mac microphone, persists, and repairs unsupported values
PASS: AI correction recognition snapshots become stale when any Mac-equivalent language or speaker option changes
PASS: WASAPI microphone readiness accepts silent packets and marks converted output only after valid samples are buffered
PASS: AI correction results are discarded when recognition settings change while the request is in flight
PASS: new-content summaries are limited to segments created since the current recording session began
PASS: AI summaries submit archive-aware bilingual transcript chunks with scope-specific Mac prompts
PASS: live audio mode switching keeps only the capture routes required by the selected mode
PASS: audio input mode remains available during recording and routes selections through the live switch handler
PASS: compact audio source menu preserves the three existing modes and routes through live audio switching
PASS: top language choices use accessible buttons, retain all options, keep the no-translation target visible, and use Mac tertiary emphasis for chevrons and recording hint
PASS: transcript divider opacity is isolated to its one-pixel line so subtitles, empty state, and unread-content control keep full contrast
PASS: translation column visibility follows the active recording config and refreshes when the saved language choice changes
PASS: speaker metadata visibility follows the frozen recording setting during a session and saved preference while idle
Unhandled exception. System.Exception: FAIL: speaker labels and separator are hidden when disabled or absent, matching the Mac transcript metadata row
   at Program.<>c__DisplayClass0_1.<<Main>$>g__Check|1(Boolean condition, String name) in C:\Users\HENRY\AppData\Local\Temp\Echo-A86-20261010\checkout\windows\Echo.CoreChecks\Program.cs:line 31
   at Program.<Main>$(String[] args)
   at Program.<Main>(String[] args)
