  正在确定要还原的项目…
  已还原 D:\ProgramData\WorkSpace\EchoWindowsUIParity\windows\Echo.Windows\Echo.Windows.csproj (用时 2.21 秒)。
C:\Users\HENRY\AppData\Local\Temp\Echo-A86-20261010\windows-obj\x64\Release\net10.0-windows10.0.26100.0\win-x64\App.g.i.cs(19,25): error CS0101: 命名空间“Echo_Windows”已经包含“Program”的定义 [D:\ProgramData\WorkSpace\EchoWindowsUIParity\windows\Echo.Windows\Echo.Windows.csproj]
C:\Users\HENRY\AppData\Local\Temp\Echo-A86-20261010\windows-obj\x64\Release\net10.0-windows10.0.26100.0\win-x64\App.g.i.cs(28,21): error CS0111: 类型“Program”已定义了一个名为“Main”的具有相同参数类型的成员 [D:\ProgramData\WorkSpace\EchoWindowsUIParity\windows\Echo.Windows\Echo.Windows.csproj]
C:\Users\HENRY\AppData\Local\Temp\Echo-A86-20261010\windows-obj\x64\Release\net10.0-windows10.0.26100.0\win-x64\MainWindow.g.i.cs(58,22): error CS0756: 分部方法不能有多个定义声明 [D:\ProgramData\WorkSpace\EchoWindowsUIParity\windows\Echo.Windows\Echo.Windows.csproj]
C:\Users\HENRY\AppData\Local\Temp\Echo-A86-20261010\windows-obj\x64\Release\net10.0-windows10.0.26100.0\win-x64\App.g.i.cs(49,22): error CS0102: 类型“App”已经包含“_contentLoaded”的定义 [D:\ProgramData\WorkSpace\EchoWindowsUIParity\windows\Echo.Windows\Echo.Windows.csproj]
C:\Users\HENRY\AppData\Local\Temp\Echo-A86-20261010\windows-obj\x64\Release\net10.0-windows10.0.26100.0\win-x64\App.g.i.cs(67,21): error CS0111: 类型“App”已定义了一个名为“InitializeComponent”的具有相同参数类型的成员 [D:\ProgramData\WorkSpace\EchoWindowsUIParity\windows\Echo.Windows\Echo.Windows.csproj]
C:\Users\HENRY\AppData\Local\Temp\Echo-A86-20261010\windows-obj\x64\Release\net10.0-windows10.0.26100.0\win-x64\MainWindow.g.i.cs(21,61): error CS0102: 类型“MainWindow”已经包含“AppTitleBar”的定义 [D:\ProgramData\WorkSpace\EchoWindowsUIParity\windows\Echo.Windows\Echo.Windows.csproj]
C:\Users\HENRY\AppData\Local\Temp\Echo-A86-20261010\windows-obj\x64\Release\net10.0-windows10.0.26100.0\win-x64\MainWindow.g.i.cs(23,58): error CS0102: 类型“MainWindow”已经包含“RootFrame”的定义 [D:\ProgramData\WorkSpace\EchoWindowsUIParity\windows\Echo.Windows\Echo.Windows.csproj]
C:\Users\HENRY\AppData\Local\Temp\Echo-A86-20261010\windows-obj\x64\Release\net10.0-windows10.0.26100.0\win-x64\MainWindow.g.i.cs(27,22): error CS0102: 类型“MainWindow”已经包含“_contentLoaded”的定义 [D:\ProgramData\WorkSpace\EchoWindowsUIParity\windows\Echo.Windows\Echo.Windows.csproj]
C:\Users\HENRY\AppData\Local\Temp\Echo-A86-20261010\windows-obj\x64\Release\net10.0-windows10.0.26100.0\win-x64\MainWindow.g.i.cs(34,21): error CS0111: 类型“MainWindow”已定义了一个名为“InitializeComponent”的具有相同参数类型的成员 [D:\ProgramData\WorkSpace\EchoWindowsUIParity\windows\Echo.Windows\Echo.Windows.csproj]
C:\Users\HENRY\AppData\Local\Temp\Echo-A86-20261010\windows-obj\x64\Release\net10.0-windows10.0.26100.0\win-x64\MainWindow.g.i.cs(58,22): error CS0111: 类型“MainWindow”已定义了一个名为“UnloadObject”的具有相同参数类型的成员 [D:\ProgramData\WorkSpace\EchoWindowsUIParity\windows\Echo.Windows\Echo.Windows.csproj]
C:\Users\HENRY\AppData\Local\Temp\Echo-A86-20261010\windows-obj\x64\Release\net10.0-windows10.0.26100.0\win-x64\MainPage.g.i.cs(222,22): error CS0756: 分部方法不能有多个定义声明 [D:\ProgramData\WorkSpace\EchoWindowsUIParity\windows\Echo.Windows\Echo.Windows.csproj]
C:\Users\HENRY\AppData\Local\Temp\Echo-A86-20261010\windows-obj\x64\Release\net10.0-windows10.0.26100.0\win-x64\MainPage.g.i.cs(225,27): error CS0102: 类型“MainPage”已经包含“IMainPage_Bindings”的定义 [D:\ProgramData\WorkSpace\EchoWindowsUIParity\windows\Echo.Windows\Echo.Windows.csproj]
C:\Users\HENRY\AppData\Local\Temp\Echo-A86-20261010\windows-obj\x64\Release\net10.0-windows10.0.26100.0\win-x64\MainPage.g.i.cs(233,27): error CS0102: 类型“MainPage”已经包含“IMainPage_BindingsScopeConnector”的定义 [D:\ProgramData\WorkSpace\EchoWindowsUIParity\windows\Echo.Windows\Echo.Windows.csproj]
C:\Users\HENRY\AppData\Local\Temp\Echo-A86-20261010\windows-obj\x64\Release\net10.0-windows10.0.26100.0\win-x64\MainPage.g.i.cs(21,57): error CS0102: 类型“MainPage”已经包含“RecordingPanel”的定义 [D:\ProgramData\WorkSpace\EchoWindowsUIParity\windows\Echo.Windows\Echo.Windows.csproj]
C:\Users\HENRY\AppData\Local\Temp\Echo-A86-20261010\windows-obj\x64\Release\net10.0-windows10.0.26100.0\win-x64\MainPage.g.i.cs(23,57): error CS0102: 类型“MainPage”已经包含“SettingsOverlay”的定义 [D:\ProgramData\WorkSpace\EchoWindowsUIParity\windows\Echo.Windows\Echo.Windows.csproj]
C:\Users\HENRY\AppData\Local\Temp\Echo-A86-20261010\windows-obj\x64\Release\net10.0-windows10.0.26100.0\win-x64\MainPage.g.i.cs(25,57): error CS0102: 类型“MainPage”已经包含“SettingsPanel”的定义 [D:\ProgramData\WorkSpace\EchoWindowsUIParity\windows\Echo.Windows\Echo.Windows.csproj]
C:\Users\HENRY\AppData\Local\Temp\Echo-A86-20261010\windows-obj\x64\Release\net10.0-windows10.0.26100.0\win-x64\MainPage.g.i.cs(27,64): error CS0102: 类型“MainPage”已经包含“SettingsSections”的定义 [D:\ProgramData\WorkSpace\EchoWindowsUIParity\windows\Echo.Windows\Echo.Windows.csproj]
C:\Users\HENRY\AppData\Local\Temp\Echo-A86-20261010\windows-obj\x64\Release\net10.0-windows10.0.26100.0\win-x64\MainPage.g.i.cs(29,63): error CS0102: 类型“MainPage”已经包含“GeneralSettingsPage”的定义 [D:\ProgramData\WorkSpace\EchoWindowsUIParity\windows\Echo.Windows\Echo.Windows.csproj]
C:\Users\HENRY\AppData\Local\Temp\Echo-A86-20261010\windows-obj\x64\Release\net10.0-windows10.0.26100.0\win-x64\MainPage.g.i.cs(31,63): error CS0102: 类型“MainPage”已经包含“RecognitionSettingsPage”的定义 [D:\ProgramData\WorkSpace\EchoWindowsUIParity\windows\Echo.Windows\Echo.Windows.csproj]
C:\Users\HENRY\AppData\Local\Temp\Echo-A86-20261010\windows-obj\x64\Release\net10.0-windows10.0.26100.0\win-x64\MainPage.g.i.cs(33,63): error CS0102: 类型“MainPage”已经包含“SegmentationSettingsPage”的定义 [D:\ProgramData\WorkSpace\EchoWindowsUIParity\windows\Echo.Windows\Echo.Windows.csproj]
C:\Users\HENRY\AppData\Local\Temp\Echo-A86-20261010\windows-obj\x64\Release\net10.0-windows10.0.26100.0\win-x64\MainPage.g.i.cs(35,63): error CS0102: 类型“MainPage”已经包含“ServiceSettingsPage”的定义 [D:\ProgramData\WorkSpace\EchoWindowsUIParity\windows\Echo.Windows\Echo.Windows.csproj]
C:\Users\HENRY\AppData\Local\Temp\Echo-A86-20261010\windows-obj\x64\Release\net10.0-windows10.0.26100.0\win-x64\MainPage.g.i.cs(37,64): error CS0102: 类型“MainPage”已经包含“SonioxKey”的定义 [D:\ProgramData\WorkSpace\EchoWindowsUIParity\windows\Echo.Windows\Echo.Windows.csproj]
C:\Users\HENRY\AppData\Local\Temp\Echo-A86-20261010\windows-obj\x64\Release\net10.0-windows10.0.26100.0\win-x64\MainPage.g.i.cs(39,64): error CS0102: 类型“MainPage”已经包含“DeepSeekKey”的定义 [D:\ProgramData\WorkSpace\EchoWindowsUIParity\windows\Echo.Windows\Echo.Windows.csproj]
C:\Users\HENRY\AppData\Local\Temp\Echo-A86-20261010\windows-obj\x64\Release\net10.0-windows10.0.26100.0\win-x64\MainPage.g.i.cs(41,65): error CS0102: 类型“MainPage”已经包含“AutoSummary”的定义 [D:\ProgramData\WorkSpace\EchoWindowsUIParity\windows\Echo.Windows\Echo.Windows.csproj]
C:\Users\HENRY\AppData\Local\Temp\Echo-A86-20261010\windows-obj\x64\Release\net10.0-windows10.0.26100.0\win-x64\MainPage.g.i.cs(43,65): error CS0102: 类型“MainPage”已经包含“AutoCorrection”的定义 [D:\ProgramData\WorkSpace\EchoWindowsUIParity\windows\Echo.Windows\Echo.Windows.csproj]
C:\Users\HENRY\AppData\Local\Temp\Echo-A86-20261010\windows-obj\x64\Release\net10.0-windows10.0.26100.0\win-x64\MainPage.g.i.cs(45,60): error CS0102: 类型“MainPage”已经包含“CorrectionTerms”的定义 [D:\ProgramData\WorkSpace\EchoWindowsUIParity\windows\Echo.Windows\Echo.Windows.csproj]
C:\Users\HENRY\AppData\Local\Temp\Echo-A86-20261010\windows-obj\x64\Release\net10.0-windows10.0.26100.0\win-x64\MainPage.g.i.cs(47,59): error CS0102: 类型“MainPage”已经包含“EndpointDelay”的定义 [D:\ProgramData\WorkSpace\EchoWindowsUIParity\windows\Echo.Windows\Echo.Windows.csproj]
C:\Users\HENRY\AppData\Local\Temp\Echo-A86-20261010\windows-obj\x64\Release\net10.0-windows10.0.26100.0\win-x64\MainPage.g.i.cs(49,62): error CS0102: 类型“MainPage”已经包含“EndpointDelayValue”的定义 [D:\ProgramData\WorkSpace\EchoWindowsUIParity\windows\Echo.Windows\Echo.Windows.csproj]
C:\Users\HENRY\AppData\Local\Temp\Echo-A86-20261010\windows-obj\x64\Release\net10.0-windows10.0.26100.0\win-x64\MainPage.g.i.cs(51,59): error CS0102: 类型“MainPage”已经包含“EndpointSensitivity”的定义 [D:\ProgramData\WorkSpace\EchoWindowsUIParity\windows\Echo.Windows\Echo.Windows.csproj]
C:\Users\HENRY\AppData\Local\Temp\Echo-A86-20261010\windows-obj\x64\Release\net10.0-windows10.0.26100.0\win-x64\MainPage.g.i.cs(53,62): error CS0102: 类型“MainPage”已经包含“EndpointSensitivityValue”的定义 [D:\ProgramData\WorkSpace\EchoWindowsUIParity\windows\Echo.Windows\Echo.Windows.csproj]
C:\Users\HENRY\AppData\Local\Temp\Echo-A86-20261010\windows-obj\x64\Release\net10.0-windows10.0.26100.0\win-x64\MainPage.g.i.cs(55,59): error CS0102: 类型“MainPage”已经包含“EndpointLatency”的定义 [D:\ProgramData\WorkSpace\EchoWindowsUIParity\windows\Echo.Windows\Echo.Windows.csproj]
C:\Users\HENRY\AppData\Local\Temp\Echo-A86-20261010\windows-obj\x64\Release\net10.0-windows10.0.26100.0\win-x64\MainPage.g.i.cs(57,62): error CS0102: 类型“MainPage”已经包含“EndpointLatencyValue”的定义 [D:\ProgramData\WorkSpace\EchoWindowsUIParity\windows\Echo.Windows\Echo.Windows.csproj]
C:\Users\HENRY\AppData\Local\Temp\Echo-A86-20261010\windows-obj\x64\Release\net10.0-windows10.0.26100.0\win-x64\MainPage.g.i.cs(59,65): error CS0102: 类型“MainPage”已经包含“SilenceFallback”的定义 [D:\ProgramData\WorkSpace\EchoWindowsUIParity\windows\Echo.Windows\Echo.Windows.csproj]
C:\Users\HENRY\AppData\Local\Temp\Echo-A86-20261010\windows-obj\x64\Release\net10.0-windows10.0.26100.0\win-x64\MainPage.g.i.cs(61,59): error CS0102: 类型“MainPage”已经包含“SilenceThreshold”的定义 [D:\ProgramData\WorkSpace\EchoWindowsUIParity\windows\Echo.Windows\Echo.Windows.csproj]
C:\Users\HENRY\AppData\Local\Temp\Echo-A86-20261010\windows-obj\x64\Release\net10.0-windows10.0.26100.0\win-x64\MainPage.g.i.cs(63,62): error CS0102: 类型“MainPage”已经包含“SilenceThresholdValue”的定义 [D:\ProgramData\WorkSpace\EchoWindowsUIParity\windows\Echo.Windows\Echo.Windows.csproj]
C:\Users\HENRY\AppData\Local\Temp\Echo-A86-20261010\windows-obj\x64\Release\net10.0-windows10.0.26100.0\win-x64\MainPage.g.i.cs(65,59): error CS0102: 类型“MainPage”已经包含“SilenceWords”的定义 [D:\ProgramData\WorkSpace\EchoWindowsUIParity\windows\Echo.Windows\Echo.Windows.csproj]
C:\Users\HENRY\AppData\Local\Temp\Echo-A86-20261010\windows-obj\x64\Release\net10.0-windows10.0.26100.0\win-x64\MainPage.g.i.cs(67,62): error CS0102: 类型“MainPage”已经包含“SilenceWordsValue”的定义 [D:\ProgramData\WorkSpace\EchoWindowsUIParity\windows\Echo.Windows\Echo.Windows.csproj]
C:\Users\HENRY\AppData\Local\Temp\Echo-A86-20261010\windows-obj\x64\Release\net10.0-windows10.0.26100.0\win-x64\MainPage.g.i.cs(69,65): error CS0102: 类型“MainPage”已经包含“LongFallback”的定义 [D:\ProgramData\WorkSpace\EchoWindowsUIParity\windows\Echo.Windows\Echo.Windows.csproj]
C:\Users\HENRY\AppData\Local\Temp\Echo-A86-20261010\windows-obj\x64\Release\net10.0-windows10.0.26100.0\win-x64\MainPage.g.i.cs(71,59): error CS0102: 类型“MainPage”已经包含“LongWords”的定义 [D:\ProgramData\WorkSpace\EchoWindowsUIParity\windows\Echo.Windows\Echo.Windows.csproj]
C:\Users\HENRY\AppData\Local\Temp\Echo-A86-20261010\windows-obj\x64\Release\net10.0-windows10.0.26100.0\win-x64\MainPage.g.i.cs(73,62): error CS0102: 类型“MainPage”已经包含“LongWordsValue”的定义 [D:\ProgramData\WorkSpace\EchoWindowsUIParity\windows\Echo.Windows\Echo.Windows.csproj]
C:\Users\HENRY\AppData\Local\Temp\Echo-A86-20261010\windows-obj\x64\Release\net10.0-windows10.0.26100.0\win-x64\MainPage.g.i.cs(75,59): error CS0102: 类型“MainPage”已经包含“LongDuration”的定义 [D:\ProgramData\WorkSpace\EchoWindowsUIParity\windows\Echo.Windows\Echo.Windows.csproj]
C:\Users\HENRY\AppData\Local\Temp\Echo-A86-20261010\windows-obj\x64\Release\net10.0-windows10.0.26100.0\win-x64\MainPage.g.i.cs(77,62): error CS0102: 类型“MainPage”已经包含“LongDurationValue”的定义 [D:\ProgramData\WorkSpace\EchoWindowsUIParity\windows\Echo.Windows\Echo.Windows.csproj]
C:\Users\HENRY\AppData\Local\Temp\Echo-A86-20261010\windows-obj\x64\Release\net10.0-windows10.0.26100.0\win-x64\MainPage.g.i.cs(79,64): error CS0102: 类型“MainPage”已经包含“SettingsSourceMode”的定义 [D:\ProgramData\WorkSpace\EchoWindowsUIParity\windows\Echo.Windows\Echo.Windows.csproj]
C:\Users\HENRY\AppData\Local\Temp\Echo-A86-20261010\windows-obj\x64\Release\net10.0-windows10.0.26100.0\win-x64\MainPage.g.i.cs(81,63): error CS0102: 类型“MainPage”已经包含“PreferredSourceSettings”的定义 [D:\ProgramData\WorkSpace\EchoWindowsUIParity\windows\Echo.Windows\Echo.Windows.csproj]
C:\Users\HENRY\AppData\Local\Temp\Echo-A86-20261010\windows-obj\x64\Release\net10.0-windows10.0.26100.0\win-x64\MainPage.g.i.cs(83,61): error CS0102: 类型“MainPage”已经包含“SettingsTargetLanguage”的定义 [D:\ProgramData\WorkSpace\EchoWindowsUIParity\windows\Echo.Windows\Echo.Windows.csproj]
C:\Users\HENRY\AppData\Local\Temp\Echo-A86-20261010\windows-obj\x64\Release\net10.0-windows10.0.26100.0\win-x64\MainPage.g.i.cs(85,65): error CS0102: 类型“MainPage”已经包含“Translate”的定义 [D:\ProgramData\WorkSpace\EchoWindowsUIParity\windows\Echo.Windows\Echo.Windows.csproj]
C:\Users\HENRY\AppData\Local\Temp\Echo-A86-20261010\windows-obj\x64\Release\net10.0-windows10.0.26100.0\win-x64\MainPage.g.i.cs(87,65): error CS0102: 类型“MainPage”已经包含“Speakers”的定义 [D:\ProgramData\WorkSpace\EchoWindowsUIParity\windows\Echo.Windows\Echo.Windows.csproj]
C:\Users\HENRY\AppData\Local\Temp\Echo-A86-20261010\windows-obj\x64\Release\net10.0-windows10.0.26100.0\win-x64\MainPage.g.i.cs(89,61): error CS0102: 类型“MainPage”已经包含“SettingsSourceLanguage”的定义 [D:\ProgramData\WorkSpace\EchoWindowsUIParity\windows\Echo.Windows\Echo.Windows.csproj]
C:\Users\HENRY\AppData\Local\Temp\Echo-A86-20261010\windows-obj\x64\Release\net10.0-windows10.0.26100.0\win-x64\MainPage.g.i.cs(91,65): error CS0102: 类型“MainPage”已经包含“Strict”的定义 [D:\ProgramData\WorkSpace\EchoWindowsUIParity\windows\Echo.Windows\Echo.Windows.csproj]
C:\Users\HENRY\AppData\Local\Temp\Echo-A86-20261010\windows-obj\x64\Release\net10.0-windows10.0.26100.0\win-x64\MainPage.g.i.cs(93,68): error CS0102: 类型“MainPage”已经包含“AutomaticSourceMode”的定义 [D:\ProgramData\WorkSpace\EchoWindowsUIParity\windows\Echo.Windows\Echo.Windows.csproj]
C:\Users\HENRY\AppData\Local\Temp\Echo-A86-20261010\windows-obj\x64\Release\net10.0-windows10.0.26100.0\win-x64\MainPage.g.i.cs(95,68): error CS0102: 类型“MainPage”已经包含“PreferredSourceMode”的定义 [D:\ProgramData\WorkSpace\EchoWindowsUIParity\windows\Echo.Windows\Echo.Windows.csproj]
C:\Users\HENRY\AppData\Local\Temp\Echo-A86-20261010\windows-obj\x64\Release\net10.0-windows10.0.26100.0\win-x64\MainPage.g.i.cs(97,61): error CS0102: 类型“MainPage”已经包含“OutputDevice”的定义 [D:\ProgramData\WorkSpace\EchoWindowsUIParity\windows\Echo.Windows\Echo.Windows.csproj]
C:\Users\HENRY\AppData\Local\Temp\Echo-A86-20261010\windows-obj\x64\Release\net10.0-windows10.0.26100.0\win-x64\MainPage.g.i.cs(99,61): error CS0102: 类型“MainPage”已经包含“InputDevice”的定义 [D:\ProgramData\WorkSpace\EchoWindowsUIParity\windows\Echo.Windows\Echo.Windows.csproj]
C:\Users\HENRY\AppData\Local\Temp\Echo-A86-20261010\windows-obj\x64\Release\net10.0-windows10.0.26100.0\win-x64\MainPage.g.i.cs(101,61): error CS0102: 类型“MainPage”已经包含“ThemeChoice”的定义 [D:\ProgramData\WorkSpace\EchoWindowsUIParity\windows\Echo.Windows\Echo.Windows.csproj]
C:\Users\HENRY\AppData\Local\Temp\Echo-A86-20261010\windows-obj\x64\Release\net10.0-windows10.0.26100.0\win-x64\MainPage.g.i.cs(103,62): error CS0102: 类型“MainPage”已经包含“TranscriptFolderPath”的定义 [D:\ProgramData\WorkSpace\EchoWindowsUIParity\windows\Echo.Windows\Echo.Windows.csproj]
C:\Users\HENRY\AppData\Local\Temp\Echo-A86-20261010\windows-obj\x64\Release\net10.0-windows10.0.26100.0\win-x64\MainPage.g.i.cs(105,68): error CS0102: 类型“MainPage”已经包含“SettingsGeneral”的定义 [D:\ProgramData\WorkSpace\EchoWindowsUIParity\windows\Echo.Windows\Echo.Windows.csproj]
C:\Users\HENRY\AppData\Local\Temp\Echo-A86-20261010\windows-obj\x64\Release\net10.0-windows10.0.26100.0\win-x64\MainPage.g.i.cs(107,68): error CS0102: 类型“MainPage”已经包含“SettingsRecognition”的定义 [D:\ProgramData\WorkSpace\EchoWindowsUIParity\windows\Echo.Windows\Echo.Windows.csproj]
C:\Users\HENRY\AppData\Local\Temp\Echo-A86-20261010\windows-obj\x64\Release\net10.0-windows10.0.26100.0\win-x64\MainPage.g.i.cs(109,68): error CS0102: 类型“MainPage”已经包含“SettingsSegmentation”的定义 [D:\ProgramData\WorkSpace\EchoWindowsUIParity\windows\Echo.Windows\Echo.Windows.csproj]
C:\Users\HENRY\AppData\Local\Temp\Echo-A86-20261010\windows-obj\x64\Release\net10.0-windows10.0.26100.0\win-x64\MainPage.g.i.cs(111,68): error CS0102: 类型“MainPage”已经包含“SettingsServices”的定义 [D:\ProgramData\WorkSpace\EchoWindowsUIParity\windows\Echo.Windows\Echo.Windows.csproj]
C:\Users\HENRY\AppData\Local\Temp\Echo-A86-20261010\windows-obj\x64\Release\net10.0-windows10.0.26100.0\win-x64\MainPage.g.i.cs(113,59): error CS0102: 类型“MainPage”已经包含“BackSettingsButton”的定义 [D:\ProgramData\WorkSpace\EchoWindowsUIParity\windows\Echo.Windows\Echo.Windows.csproj]
C:\Users\HENRY\AppData\Local\Temp\Echo-A86-20261010\windows-obj\x64\Release\net10.0-windows10.0.26100.0\win-x64\MainPage.g.i.cs(115,57): error CS0102: 类型“MainPage”已经包含“SummarySection”的定义 [D:\ProgramData\WorkSpace\EchoWindowsUIParity\windows\Echo.Windows\Echo.Windows.csproj]
C:\Users\HENRY\AppData\Local\Temp\Echo-A86-20261010\windows-obj\x64\Release\net10.0-windows10.0.26100.0\win-x64\MainPage.g.i.cs(117,65): error CS0102: 类型“MainPage”已经包含“SummaryScrollViewer”的定义 [D:\ProgramData\WorkSpace\EchoWindowsUIParity\windows\Echo.Windows\Echo.Windows.csproj]
C:\Users\HENRY\AppData\Local\Temp\Echo-A86-20261010\windows-obj\x64\Release\net10.0-windows10.0.26100.0\win-x64\MainPage.g.i.cs(119,61): error CS0102: 类型“MainPage”已经包含“SummaryScope”的定义 [D:\ProgramData\WorkSpace\EchoWindowsUIParity\windows\Echo.Windows\Echo.Windows.csproj]
C:\Users\HENRY\AppData\Local\Temp\Echo-A86-20261010\windows-obj\x64\Release\net10.0-windows10.0.26100.0\win-x64\MainPage.g.i.cs(121,59): error CS0102: 类型“MainPage”已经包含“SummaryExpandButton”的定义 [D:\ProgramData\WorkSpace\EchoWindowsUIParity\windows\Echo.Windows\Echo.Windows.csproj]
C:\Users\HENRY\AppData\Local\Temp\Echo-A86-20261010\windows-obj\x64\Release\net10.0-windows10.0.26100.0\win-x64\MainPage.g.i.cs(123,59): error CS0102: 类型“MainPage”已经包含“SummaryCopyButton”的定义 [D:\ProgramData\WorkSpace\EchoWindowsUIParity\windows\Echo.Windows\Echo.Windows.csproj]
C:\Users\HENRY\AppData\Local\Temp\Echo-A86-20261010\windows-obj\x64\Release\net10.0-windows10.0.26100.0\win-x64\MainPage.g.i.cs(125,63): error CS0102: 类型“MainPage”已经包含“SummaryBlocks”的定义 [D:\ProgramData\WorkSpace\EchoWindowsUIParity\windows\Echo.Windows\Echo.Windows.csproj]
C:\Users\HENRY\AppData\Local\Temp\Echo-A86-20261010\windows-obj\x64\Release\net10.0-windows10.0.26100.0\win-x64\MainPage.g.i.cs(127,62): error CS0102: 类型“MainPage”已经包含“SummaryRecordingHint”的定义 [D:\ProgramData\WorkSpace\EchoWindowsUIParity\windows\Echo.Windows\Echo.Windows.csproj]
C:\Users\HENRY\AppData\Local\Temp\Echo-A86-20261010\windows-obj\x64\Release\net10.0-windows10.0.26100.0\win-x64\MainPage.g.i.cs(129,57): error CS0102: 类型“MainPage”已经包含“RecordingToolbar”的定义 [D:\ProgramData\WorkSpace\EchoWindowsUIParity\windows\Echo.Windows\Echo.Windows.csproj]
C:\Users\HENRY\AppData\Local\Temp\Echo-A86-20261010\windows-obj\x64\Release\net10.0-windows10.0.26100.0\win-x64\MainPage.g.i.cs(131,58): error CS0102: 类型“MainPage”已经包含“AudioDot”的定义 [D:\ProgramData\WorkSpace\EchoWindowsUIParity\windows\Echo.Windows\Echo.Windows.csproj]
C:\Users\HENRY\AppData\Local\Temp\Echo-A86-20261010\windows-obj\x64\Release\net10.0-windows10.0.26100.0\win-x64\MainPage.g.i.cs(133,62): error CS0102: 类型“MainPage”已经包含“AudioStatus”的定义 [D:\ProgramData\WorkSpace\EchoWindowsUIParity\windows\Echo.Windows\Echo.Windows.csproj]
C:\Users\HENRY\AppData\Local\Temp\Echo-A86-20261010\windows-obj\x64\Release\net10.0-windows10.0.26100.0\win-x64\MainPage.g.i.cs(135,63): error CS0102: 类型“MainPage”已经包含“WaveformBars”的定义 [D:\ProgramData\WorkSpace\EchoWindowsUIParity\windows\Echo.Windows\Echo.Windows.csproj]
C:\Users\HENRY\AppData\Local\Temp\Echo-A86-20261010\windows-obj\x64\Release\net10.0-windows10.0.26100.0\win-x64\MainPage.g.i.cs(137,62): error CS0102: 类型“MainPage”已经包含“ArchiveTitle”的定义 [D:\ProgramData\WorkSpace\EchoWindowsUIParity\windows\Echo.Windows\Echo.Windows.csproj]
C:\Users\HENRY\AppData\Local\Temp\Echo-A86-20261010\windows-obj\x64\Release\net10.0-windows10.0.26100.0\win-x64\MainPage.g.i.cs(139,59): error CS0102: 类型“MainPage”已经包含“ArchiveFlyout”的定义 [D:\ProgramData\WorkSpace\EchoWindowsUIParity\windows\Echo.Windows\Echo.Windows.csproj]
C:\Users\HENRY\AppData\Local\Temp\Echo-A86-20261010\windows-obj\x64\Release\net10.0-windows10.0.26100.0\win-x64\MainPage.g.i.cs(141,60): error CS0102: 类型“MainPage”已经包含“ResponsiveStates”的定义 [D:\ProgramData\WorkSpace\EchoWindowsUIParity\windows\Echo.Windows\Echo.Windows.csproj]
C:\Users\HENRY\AppData\Local\Temp\Echo-A86-20261010\windows-obj\x64\Release\net10.0-windows10.0.26100.0\win-x64\MainPage.g.i.cs(143,55): error CS0102: 类型“MainPage”已经包含“RecordingToolbarCompact”的定义 [D:\ProgramData\WorkSpace\EchoWindowsUIParity\windows\Echo.Windows\Echo.Windows.csproj]
C:\Users\HENRY\AppData\Local\Temp\Echo-A86-20261010\windows-obj\x64\Release\net10.0-windows10.0.26100.0\win-x64\MainPage.g.i.cs(145,55): error CS0102: 类型“MainPage”已经包含“RecordingToolbarWide”的定义 [D:\ProgramData\WorkSpace\EchoWindowsUIParity\windows\Echo.Windows\Echo.Windows.csproj]
C:\Users\HENRY\AppData\Local\Temp\Echo-A86-20261010\windows-obj\x64\Release\net10.0-windows10.0.26100.0\win-x64\MainPage.g.i.cs(147,61): error CS0102: 类型“MainPage”已经包含“Mode”的定义 [D:\ProgramData\WorkSpace\EchoWindowsUIParity\windows\Echo.Windows\Echo.Windows.csproj]
C:\Users\HENRY\AppData\Local\Temp\Echo-A86-20261010\windows-obj\x64\Release\net10.0-windows10.0.26100.0\win-x64\MainPage.g.i.cs(149,59): error CS0102: 类型“MainPage”已经包含“AudioModeButton”的定义 [D:\ProgramData\WorkSpace\EchoWindowsUIParity\windows\Echo.Windows\Echo.Windows.csproj]
C:\Users\HENRY\AppData\Local\Temp\Echo-A86-20261010\windows-obj\x64\Release\net10.0-windows10.0.26100.0\win-x64\MainPage.g.i.cs(151,63): error CS0102: 类型“MainPage”已经包含“ConnectionStatusControl”的定义 [D:\ProgramData\WorkSpace\EchoWindowsUIParity\windows\Echo.Windows\Echo.Windows.csproj]
C:\Users\HENRY\AppData\Local\Temp\Echo-A86-20261010\windows-obj\x64\Release\net10.0-windows10.0.26100.0\win-x64\MainPage.g.i.cs(153,58): error CS0102: 类型“MainPage”已经包含“ConnectionDot”的定义 [D:\ProgramData\WorkSpace\EchoWindowsUIParity\windows\Echo.Windows\Echo.Windows.csproj]
C:\Users\HENRY\AppData\Local\Temp\Echo-A86-20261010\windows-obj\x64\Release\net10.0-windows10.0.26100.0\win-x64\MainPage.g.i.cs(155,62): error CS0102: 类型“MainPage”已经包含“AudioModeTitle”的定义 [D:\ProgramData\WorkSpace\EchoWindowsUIParity\windows\Echo.Windows\Echo.Windows.csproj]
C:\Users\HENRY\AppData\Local\Temp\Echo-A86-20261010\windows-obj\x64\Release\net10.0-windows10.0.26100.0\win-x64\MainPage.g.i.cs(157,63): error CS0102: 类型“MainPage”已经包含“AudioModeFlyout”的定义 [D:\ProgramData\WorkSpace\EchoWindowsUIParity\windows\Echo.Windows\Echo.Windows.csproj]
C:\Users\HENRY\AppData\Local\Temp\Echo-A86-20261010\windows-obj\x64\Release\net10.0-windows10.0.26100.0\win-x64\MainPage.g.i.cs(159,62): error CS0102: 类型“MainPage”已经包含“EmptyHint”的定义 [D:\ProgramData\WorkSpace\EchoWindowsUIParity\windows\Echo.Windows\Echo.Windows.csproj]
C:\Users\HENRY\AppData\Local\Temp\Echo-A86-20261010\windows-obj\x64\Release\net10.0-windows10.0.26100.0\win-x64\MainPage.g.i.cs(161,61): error CS0102: 类型“MainPage”已经包含“TranscriptList”的定义 [D:\ProgramData\WorkSpace\EchoWindowsUIParity\windows\Echo.Windows\Echo.Windows.csproj]
C:\Users\HENRY\AppData\Local\Temp\Echo-A86-20261010\windows-obj\x64\Release\net10.0-windows10.0.26100.0\win-x64\MainPage.g.i.cs(163,59): error CS0102: 类型“MainPage”已经包含“NewContentButton”的定义 [D:\ProgramData\WorkSpace\EchoWindowsUIParity\windows\Echo.Windows\Echo.Windows.csproj]
C:\Users\HENRY\AppData\Local\Temp\Echo-A86-20261010\windows-obj\x64\Release\net10.0-windows10.0.26100.0\win-x64\MainPage.g.i.cs(165,62): error CS0102: 类型“MainPage”已经包含“LanguageNextSessionHint”的定义 [D:\ProgramData\WorkSpace\EchoWindowsUIParity\windows\Echo.Windows\Echo.Windows.csproj]
C:\Users\HENRY\AppData\Local\Temp\Echo-A86-20261010\windows-obj\x64\Release\net10.0-windows10.0.26100.0\win-x64\MainPage.g.i.cs(167,59): error CS0102: 类型“MainPage”已经包含“SourceLanguageChoice”的定义 [D:\ProgramData\WorkSpace\EchoWindowsUIParity\windows\Echo.Windows\Echo.Windows.csproj]
C:\Users\HENRY\AppData\Local\Temp\Echo-A86-20261010\windows-obj\x64\Release\net10.0-windows10.0.26100.0\win-x64\MainPage.g.i.cs(169,59): error CS0102: 类型“MainPage”已经包含“TargetLanguageChoice”的定义 [D:\ProgramData\WorkSpace\EchoWindowsUIParity\windows\Echo.Windows\Echo.Windows.csproj]
C:\Users\HENRY\AppData\Local\Temp\Echo-A86-20261010\windows-obj\x64\Release\net10.0-windows10.0.26100.0\win-x64\MainPage.g.i.cs(171,62): error CS0102: 类型“MainPage”已经包含“TargetLanguageTitle”的定义 [D:\ProgramData\WorkSpace\EchoWindowsUIParity\windows\Echo.Windows\Echo.Windows.csproj]
C:\Users\HENRY\AppData\Local\Temp\Echo-A86-20261010\windows-obj\x64\Release\net10.0-windows10.0.26100.0\win-x64\MainPage.g.i.cs(173,63): error CS0102: 类型“MainPage”已经包含“TargetLanguageFlyout”的定义 [D:\ProgramData\WorkSpace\EchoWindowsUIParity\windows\Echo.Windows\Echo.Windows.csproj]
C:\Users\HENRY\AppData\Local\Temp\Echo-A86-20261010\windows-obj\x64\Release\net10.0-windows10.0.26100.0\win-x64\MainPage.g.i.cs(175,62): error CS0102: 类型“MainPage”已经包含“SourceLanguageTitle”的定义 [D:\ProgramData\WorkSpace\EchoWindowsUIParity\windows\Echo.Windows\Echo.Windows.csproj]
C:\Users\HENRY\AppData\Local\Temp\Echo-A86-20261010\windows-obj\x64\Release\net10.0-windows10.0.26100.0\win-x64\MainPage.g.i.cs(177,63): error CS0102: 类型“MainPage”已经包含“SourceLanguageFlyout”的定义 [D:\ProgramData\WorkSpace\EchoWindowsUIParity\windows\Echo.Windows\Echo.Windows.csproj]
C:\Users\HENRY\AppData\Local\Temp\Echo-A86-20261010\windows-obj\x64\Release\net10.0-windows10.0.26100.0\win-x64\MainPage.g.i.cs(179,59): error CS0102: 类型“MainPage”已经包含“SubtitleOverlayButton”的定义 [D:\ProgramData\WorkSpace\EchoWindowsUIParity\windows\Echo.Windows\Echo.Windows.csproj]
C:\Users\HENRY\AppData\Local\Temp\Echo-A86-20261010\windows-obj\x64\Release\net10.0-windows10.0.26100.0\win-x64\MainPage.g.i.cs(181,59): error CS0102: 类型“MainPage”已经包含“SettingsButton”的定义 [D:\ProgramData\WorkSpace\EchoWindowsUIParity\windows\Echo.Windows\Echo.Windows.csproj]
C:\Users\HENRY\AppData\Local\Temp\Echo-A86-20261010\windows-obj\x64\Release\net10.0-windows10.0.26100.0\win-x64\MainPage.g.i.cs(183,67): error CS0102: 类型“MainPage”已经包含“ToggleOverlayMenuItem”的定义 [D:\ProgramData\WorkSpace\EchoWindowsUIParity\windows\Echo.Windows\Echo.Windows.csproj]
C:\Users\HENRY\AppData\Local\Temp\Echo-A86-20261010\windows-obj\x64\Release\net10.0-windows10.0.26100.0\win-x64\MainPage.g.i.cs(185,67): error CS0102: 类型“MainPage”已经包含“AdjustOverlayMenuItem”的定义 [D:\ProgramData\WorkSpace\EchoWindowsUIParity\windows\Echo.Windows\Echo.Windows.csproj]
C:\Users\HENRY\AppData\Local\Temp\Echo-A86-20261010\windows-obj\x64\Release\net10.0-windows10.0.26100.0\win-x64\MainPage.g.i.cs(187,67): error CS0102: 类型“MainPage”已经包含“LockOverlayMenuItem”的定义 [D:\ProgramData\WorkSpace\EchoWindowsUIParity\windows\Echo.Windows\Echo.Windows.csproj]
C:\Users\HENRY\AppData\Local\Temp\Echo-A86-20261010\windows-obj\x64\Release\net10.0-windows10.0.26100.0\win-x64\MainPage.g.i.cs(191,22): error CS0102: 类型“MainPage”已经包含“_contentLoaded”的定义 [D:\ProgramData\WorkSpace\EchoWindowsUIParity\windows\Echo.Windows\Echo.Windows.csproj]
C:\Users\HENRY\AppData\Local\Temp\Echo-A86-20261010\windows-obj\x64\Release\net10.0-windows10.0.26100.0\win-x64\MainPage.g.i.cs(198,21): error CS0111: 类型“MainPage”已定义了一个名为“InitializeComponent”的具有相同参数类型的成员 [D:\ProgramData\WorkSpace\EchoWindowsUIParity\windows\Echo.Windows\Echo.Windows.csproj]
C:\Users\HENRY\AppData\Local\Temp\Echo-A86-20261010\windows-obj\x64\Release\net10.0-windows10.0.26100.0\win-x64\MainPage.g.i.cs(222,22): error CS0111: 类型“MainPage”已定义了一个名为“UnloadObject”的具有相同参数类型的成员 [D:\ProgramData\WorkSpace\EchoWindowsUIParity\windows\Echo.Windows\Echo.Windows.csproj]
C:\Users\HENRY\AppData\Local\Temp\Echo-A86-20261010\windows-obj\x64\Release\net10.0-windows10.0.26100.0\win-x64\MainPage.g.i.cs(242,36): error CS0102: 类型“MainPage”已经包含“Bindings”的定义 [D:\ProgramData\WorkSpace\EchoWindowsUIParity\windows\Echo.Windows\Echo.Windows.csproj]
C:\Users\HENRY\AppData\Local\Temp\Echo-A86-20261010\windows-obj\x64\Release\net10.0-windows10.0.26100.0\win-x64\MainPage.g.i.cs(224,10): error CS0579: “global::System.CodeDom.Compiler.GeneratedCodeAttribute”特性重复 [D:\ProgramData\WorkSpace\EchoWindowsUIParity\windows\Echo.Windows\Echo.Windows.csproj]
C:\Users\HENRY\AppData\Local\Temp\Echo-A86-20261010\windows-obj\x64\Release\net10.0-windows10.0.26100.0\win-x64\MainPage.g.i.cs(227,18): error CS0111: 类型“MainPage.IMainPage_Bindings”已定义了一个名为“Initialize”的具有相同参数类型的成员 [D:\ProgramData\WorkSpace\EchoWindowsUIParity\windows\Echo.Windows\Echo.Windows.csproj]
C:\Users\HENRY\AppData\Local\Temp\Echo-A86-20261010\windows-obj\x64\Release\net10.0-windows10.0.26100.0\win-x64\MainPage.g.i.cs(228,18): error CS0111: 类型“MainPage.IMainPage_Bindings”已定义了一个名为“Update”的具有相同参数类型的成员 [D:\ProgramData\WorkSpace\EchoWindowsUIParity\windows\Echo.Windows\Echo.Windows.csproj]
C:\Users\HENRY\AppData\Local\Temp\Echo-A86-20261010\windows-obj\x64\Release\net10.0-windows10.0.26100.0\win-x64\MainPage.g.i.cs(229,18): error CS0111: 类型“MainPage.IMainPage_Bindings”已定义了一个名为“StopTracking”的具有相同参数类型的成员 [D:\ProgramData\WorkSpace\EchoWindowsUIParity\windows\Echo.Windows\Echo.Windows.csproj]
C:\Users\HENRY\AppData\Local\Temp\Echo-A86-20261010\windows-obj\x64\Release\net10.0-windows10.0.26100.0\win-x64\MainPage.g.i.cs(230,18): error CS0111: 类型“MainPage.IMainPage_Bindings”已定义了一个名为“DisconnectUnloadedObject”的具有相同参数类型的成员 [D:\ProgramData\WorkSpace\EchoWindowsUIParity\windows\Echo.Windows\Echo.Windows.csproj]
C:\Users\HENRY\AppData\Local\Temp\Echo-A86-20261010\windows-obj\x64\Release\net10.0-windows10.0.26100.0\win-x64\MainPage.g.i.cs(236,18): error CS0111: 类型“MainPage.IMainPage_BindingsScopeConnector”已定义了一个名为“ContainsElement”的具有相同参数类型的成员 [D:\ProgramData\WorkSpace\EchoWindowsUIParity\windows\Echo.Windows\Echo.Windows.csproj]
C:\Users\HENRY\AppData\Local\Temp\Echo-A86-20261010\windows-obj\x64\Release\net10.0-windows10.0.26100.0\win-x64\MainPage.g.i.cs(237,18): error CS0111: 类型“MainPage.IMainPage_BindingsScopeConnector”已定义了一个名为“RegisterForElementConnection”的具有相同参数类型的成员 [D:\ProgramData\WorkSpace\EchoWindowsUIParity\windows\Echo.Windows\Echo.Windows.csproj]
C:\Users\HENRY\.nuget\packages\microsoft.windowsappsdk.winui\2.3.6\buildTransitive\Microsoft.UI.Xaml.Markup.Compiler.interop.targets(864,9): XamlCompiler warning WMC1509: No LocalAssembly parameter given during MarkupCompilePass2 for the currently building project.  This will likely cause type resolution errors for any types from the current project. [D:\ProgramData\WorkSpace\EchoWindowsUIParity\windows\Echo.Windows\Echo.Windows.csproj]
D:\ProgramData\WorkSpace\EchoWindowsUIParity\windows\Echo.Windows\MainPage.xaml(31,30): XamlCompiler error WMC0909: Cannot resolve DataType core:Subtitle [D:\ProgramData\WorkSpace\EchoWindowsUIParity\windows\Echo.Windows\Echo.Windows.csproj]
MainPage.xaml(33,9): XamlCompiler error WMC1111: DataTemplates containing x:Bind need a DataType to be specified using 'x:DataType' [D:\ProgramData\WorkSpace\EchoWindowsUIParity\windows\Echo.Windows\Echo.Windows.csproj]
C:\Users\HENRY\.nuget\packages\microsoft.windowsappsdk.winui\2.3.6\buildTransitive\Microsoft.UI.Xaml.Markup.Compiler.interop.targets(864,9): Xaml Internal Error error WMC9999: 未将对象引用设置到对象的实例。 [D:\ProgramData\WorkSpace\EchoWindowsUIParity\windows\Echo.Windows\Echo.Windows.csproj]

生成失败。

C:\Users\HENRY\.nuget\packages\microsoft.windowsappsdk.winui\2.3.6\buildTransitive\Microsoft.UI.Xaml.Markup.Compiler.interop.targets(864,9): XamlCompiler warning WMC1509: No LocalAssembly parameter given during MarkupCompilePass2 for the currently building project.  This will likely cause type resolution errors for any types from the current project. [D:\ProgramData\WorkSpace\EchoWindowsUIParity\windows\Echo.Windows\Echo.Windows.csproj]
C:\Users\HENRY\AppData\Local\Temp\Echo-A86-20261010\windows-obj\x64\Release\net10.0-windows10.0.26100.0\win-x64\App.g.i.cs(19,25): error CS0101: 命名空间“Echo_Windows”已经包含“Program”的定义 [D:\ProgramData\WorkSpace\EchoWindowsUIParity\windows\Echo.Windows\Echo.Windows.csproj]
C:\Users\HENRY\AppData\Local\Temp\Echo-A86-20261010\windows-obj\x64\Release\net10.0-windows10.0.26100.0\win-x64\App.g.i.cs(28,21): error CS0111: 类型“Program”已定义了一个名为“Main”的具有相同参数类型的成员 [D:\ProgramData\WorkSpace\EchoWindowsUIParity\windows\Echo.Windows\Echo.Windows.csproj]
C:\Users\HENRY\AppData\Local\Temp\Echo-A86-20261010\windows-obj\x64\Release\net10.0-windows10.0.26100.0\win-x64\MainWindow.g.i.cs(58,22): error CS0756: 分部方法不能有多个定义声明 [D:\ProgramData\WorkSpace\EchoWindowsUIParity\windows\Echo.Windows\Echo.Windows.csproj]
C:\Users\HENRY\AppData\Local\Temp\Echo-A86-20261010\windows-obj\x64\Release\net10.0-windows10.0.26100.0\win-x64\App.g.i.cs(49,22): error CS0102: 类型“App”已经包含“_contentLoaded”的定义 [D:\ProgramData\WorkSpace\EchoWindowsUIParity\windows\Echo.Windows\Echo.Windows.csproj]
C:\Users\HENRY\AppData\Local\Temp\Echo-A86-20261010\windows-obj\x64\Release\net10.0-windows10.0.26100.0\win-x64\App.g.i.cs(67,21): error CS0111: 类型“App”已定义了一个名为“InitializeComponent”的具有相同参数类型的成员 [D:\ProgramData\WorkSpace\EchoWindowsUIParity\windows\Echo.Windows\Echo.Windows.csproj]
C:\Users\HENRY\AppData\Local\Temp\Echo-A86-20261010\windows-obj\x64\Release\net10.0-windows10.0.26100.0\win-x64\MainWindow.g.i.cs(21,61): error CS0102: 类型“MainWindow”已经包含“AppTitleBar”的定义 [D:\ProgramData\WorkSpace\EchoWindowsUIParity\windows\Echo.Windows\Echo.Windows.csproj]
C:\Users\HENRY\AppData\Local\Temp\Echo-A86-20261010\windows-obj\x64\Release\net10.0-windows10.0.26100.0\win-x64\MainWindow.g.i.cs(23,58): error CS0102: 类型“MainWindow”已经包含“RootFrame”的定义 [D:\ProgramData\WorkSpace\EchoWindowsUIParity\windows\Echo.Windows\Echo.Windows.csproj]
C:\Users\HENRY\AppData\Local\Temp\Echo-A86-20261010\windows-obj\x64\Release\net10.0-windows10.0.26100.0\win-x64\MainWindow.g.i.cs(27,22): error CS0102: 类型“MainWindow”已经包含“_contentLoaded”的定义 [D:\ProgramData\WorkSpace\EchoWindowsUIParity\windows\Echo.Windows\Echo.Windows.csproj]
C:\Users\HENRY\AppData\Local\Temp\Echo-A86-20261010\windows-obj\x64\Release\net10.0-windows10.0.26100.0\win-x64\MainWindow.g.i.cs(34,21): error CS0111: 类型“MainWindow”已定义了一个名为“InitializeComponent”的具有相同参数类型的成员 [D:\ProgramData\WorkSpace\EchoWindowsUIParity\windows\Echo.Windows\Echo.Windows.csproj]
C:\Users\HENRY\AppData\Local\Temp\Echo-A86-20261010\windows-obj\x64\Release\net10.0-windows10.0.26100.0\win-x64\MainWindow.g.i.cs(58,22): error CS0111: 类型“MainWindow”已定义了一个名为“UnloadObject”的具有相同参数类型的成员 [D:\ProgramData\WorkSpace\EchoWindowsUIParity\windows\Echo.Windows\Echo.Windows.csproj]
C:\Users\HENRY\AppData\Local\Temp\Echo-A86-20261010\windows-obj\x64\Release\net10.0-windows10.0.26100.0\win-x64\MainPage.g.i.cs(222,22): error CS0756: 分部方法不能有多个定义声明 [D:\ProgramData\WorkSpace\EchoWindowsUIParity\windows\Echo.Windows\Echo.Windows.csproj]
C:\Users\HENRY\AppData\Local\Temp\Echo-A86-20261010\windows-obj\x64\Release\net10.0-windows10.0.26100.0\win-x64\MainPage.g.i.cs(225,27): error CS0102: 类型“MainPage”已经包含“IMainPage_Bindings”的定义 [D:\ProgramData\WorkSpace\EchoWindowsUIParity\windows\Echo.Windows\Echo.Windows.csproj]
C:\Users\HENRY\AppData\Local\Temp\Echo-A86-20261010\windows-obj\x64\Release\net10.0-windows10.0.26100.0\win-x64\MainPage.g.i.cs(233,27): error CS0102: 类型“MainPage”已经包含“IMainPage_BindingsScopeConnector”的定义 [D:\ProgramData\WorkSpace\EchoWindowsUIParity\windows\Echo.Windows\Echo.Windows.csproj]
C:\Users\HENRY\AppData\Local\Temp\Echo-A86-20261010\windows-obj\x64\Release\net10.0-windows10.0.26100.0\win-x64\MainPage.g.i.cs(21,57): error CS0102: 类型“MainPage”已经包含“RecordingPanel”的定义 [D:\ProgramData\WorkSpace\EchoWindowsUIParity\windows\Echo.Windows\Echo.Windows.csproj]
C:\Users\HENRY\AppData\Local\Temp\Echo-A86-20261010\windows-obj\x64\Release\net10.0-windows10.0.26100.0\win-x64\MainPage.g.i.cs(23,57): error CS0102: 类型“MainPage”已经包含“SettingsOverlay”的定义 [D:\ProgramData\WorkSpace\EchoWindowsUIParity\windows\Echo.Windows\Echo.Windows.csproj]
C:\Users\HENRY\AppData\Local\Temp\Echo-A86-20261010\windows-obj\x64\Release\net10.0-windows10.0.26100.0\win-x64\MainPage.g.i.cs(25,57): error CS0102: 类型“MainPage”已经包含“SettingsPanel”的定义 [D:\ProgramData\WorkSpace\EchoWindowsUIParity\windows\Echo.Windows\Echo.Windows.csproj]
C:\Users\HENRY\AppData\Local\Temp\Echo-A86-20261010\windows-obj\x64\Release\net10.0-windows10.0.26100.0\win-x64\MainPage.g.i.cs(27,64): error CS0102: 类型“MainPage”已经包含“SettingsSections”的定义 [D:\ProgramData\WorkSpace\EchoWindowsUIParity\windows\Echo.Windows\Echo.Windows.csproj]
C:\Users\HENRY\AppData\Local\Temp\Echo-A86-20261010\windows-obj\x64\Release\net10.0-windows10.0.26100.0\win-x64\MainPage.g.i.cs(29,63): error CS0102: 类型“MainPage”已经包含“GeneralSettingsPage”的定义 [D:\ProgramData\WorkSpace\EchoWindowsUIParity\windows\Echo.Windows\Echo.Windows.csproj]
C:\Users\HENRY\AppData\Local\Temp\Echo-A86-20261010\windows-obj\x64\Release\net10.0-windows10.0.26100.0\win-x64\MainPage.g.i.cs(31,63): error CS0102: 类型“MainPage”已经包含“RecognitionSettingsPage”的定义 [D:\ProgramData\WorkSpace\EchoWindowsUIParity\windows\Echo.Windows\Echo.Windows.csproj]
C:\Users\HENRY\AppData\Local\Temp\Echo-A86-20261010\windows-obj\x64\Release\net10.0-windows10.0.26100.0\win-x64\MainPage.g.i.cs(33,63): error CS0102: 类型“MainPage”已经包含“SegmentationSettingsPage”的定义 [D:\ProgramData\WorkSpace\EchoWindowsUIParity\windows\Echo.Windows\Echo.Windows.csproj]
C:\Users\HENRY\AppData\Local\Temp\Echo-A86-20261010\windows-obj\x64\Release\net10.0-windows10.0.26100.0\win-x64\MainPage.g.i.cs(35,63): error CS0102: 类型“MainPage”已经包含“ServiceSettingsPage”的定义 [D:\ProgramData\WorkSpace\EchoWindowsUIParity\windows\Echo.Windows\Echo.Windows.csproj]
C:\Users\HENRY\AppData\Local\Temp\Echo-A86-20261010\windows-obj\x64\Release\net10.0-windows10.0.26100.0\win-x64\MainPage.g.i.cs(37,64): error CS0102: 类型“MainPage”已经包含“SonioxKey”的定义 [D:\ProgramData\WorkSpace\EchoWindowsUIParity\windows\Echo.Windows\Echo.Windows.csproj]
C:\Users\HENRY\AppData\Local\Temp\Echo-A86-20261010\windows-obj\x64\Release\net10.0-windows10.0.26100.0\win-x64\MainPage.g.i.cs(39,64): error CS0102: 类型“MainPage”已经包含“DeepSeekKey”的定义 [D:\ProgramData\WorkSpace\EchoWindowsUIParity\windows\Echo.Windows\Echo.Windows.csproj]
C:\Users\HENRY\AppData\Local\Temp\Echo-A86-20261010\windows-obj\x64\Release\net10.0-windows10.0.26100.0\win-x64\MainPage.g.i.cs(41,65): error CS0102: 类型“MainPage”已经包含“AutoSummary”的定义 [D:\ProgramData\WorkSpace\EchoWindowsUIParity\windows\Echo.Windows\Echo.Windows.csproj]
C:\Users\HENRY\AppData\Local\Temp\Echo-A86-20261010\windows-obj\x64\Release\net10.0-windows10.0.26100.0\win-x64\MainPage.g.i.cs(43,65): error CS0102: 类型“MainPage”已经包含“AutoCorrection”的定义 [D:\ProgramData\WorkSpace\EchoWindowsUIParity\windows\Echo.Windows\Echo.Windows.csproj]
C:\Users\HENRY\AppData\Local\Temp\Echo-A86-20261010\windows-obj\x64\Release\net10.0-windows10.0.26100.0\win-x64\MainPage.g.i.cs(45,60): error CS0102: 类型“MainPage”已经包含“CorrectionTerms”的定义 [D:\ProgramData\WorkSpace\EchoWindowsUIParity\windows\Echo.Windows\Echo.Windows.csproj]
C:\Users\HENRY\AppData\Local\Temp\Echo-A86-20261010\windows-obj\x64\Release\net10.0-windows10.0.26100.0\win-x64\MainPage.g.i.cs(47,59): error CS0102: 类型“MainPage”已经包含“EndpointDelay”的定义 [D:\ProgramData\WorkSpace\EchoWindowsUIParity\windows\Echo.Windows\Echo.Windows.csproj]
C:\Users\HENRY\AppData\Local\Temp\Echo-A86-20261010\windows-obj\x64\Release\net10.0-windows10.0.26100.0\win-x64\MainPage.g.i.cs(49,62): error CS0102: 类型“MainPage”已经包含“EndpointDelayValue”的定义 [D:\ProgramData\WorkSpace\EchoWindowsUIParity\windows\Echo.Windows\Echo.Windows.csproj]
C:\Users\HENRY\AppData\Local\Temp\Echo-A86-20261010\windows-obj\x64\Release\net10.0-windows10.0.26100.0\win-x64\MainPage.g.i.cs(51,59): error CS0102: 类型“MainPage”已经包含“EndpointSensitivity”的定义 [D:\ProgramData\WorkSpace\EchoWindowsUIParity\windows\Echo.Windows\Echo.Windows.csproj]
C:\Users\HENRY\AppData\Local\Temp\Echo-A86-20261010\windows-obj\x64\Release\net10.0-windows10.0.26100.0\win-x64\MainPage.g.i.cs(53,62): error CS0102: 类型“MainPage”已经包含“EndpointSensitivityValue”的定义 [D:\ProgramData\WorkSpace\EchoWindowsUIParity\windows\Echo.Windows\Echo.Windows.csproj]
C:\Users\HENRY\AppData\Local\Temp\Echo-A86-20261010\windows-obj\x64\Release\net10.0-windows10.0.26100.0\win-x64\MainPage.g.i.cs(55,59): error CS0102: 类型“MainPage”已经包含“EndpointLatency”的定义 [D:\ProgramData\WorkSpace\EchoWindowsUIParity\windows\Echo.Windows\Echo.Windows.csproj]
C:\Users\HENRY\AppData\Local\Temp\Echo-A86-20261010\windows-obj\x64\Release\net10.0-windows10.0.26100.0\win-x64\MainPage.g.i.cs(57,62): error CS0102: 类型“MainPage”已经包含“EndpointLatencyValue”的定义 [D:\ProgramData\WorkSpace\EchoWindowsUIParity\windows\Echo.Windows\Echo.Windows.csproj]
C:\Users\HENRY\AppData\Local\Temp\Echo-A86-20261010\windows-obj\x64\Release\net10.0-windows10.0.26100.0\win-x64\MainPage.g.i.cs(59,65): error CS0102: 类型“MainPage”已经包含“SilenceFallback”的定义 [D:\ProgramData\WorkSpace\EchoWindowsUIParity\windows\Echo.Windows\Echo.Windows.csproj]
C:\Users\HENRY\AppData\Local\Temp\Echo-A86-20261010\windows-obj\x64\Release\net10.0-windows10.0.26100.0\win-x64\MainPage.g.i.cs(61,59): error CS0102: 类型“MainPage”已经包含“SilenceThreshold”的定义 [D:\ProgramData\WorkSpace\EchoWindowsUIParity\windows\Echo.Windows\Echo.Windows.csproj]
C:\Users\HENRY\AppData\Local\Temp\Echo-A86-20261010\windows-obj\x64\Release\net10.0-windows10.0.26100.0\win-x64\MainPage.g.i.cs(63,62): error CS0102: 类型“MainPage”已经包含“SilenceThresholdValue”的定义 [D:\ProgramData\WorkSpace\EchoWindowsUIParity\windows\Echo.Windows\Echo.Windows.csproj]
C:\Users\HENRY\AppData\Local\Temp\Echo-A86-20261010\windows-obj\x64\Release\net10.0-windows10.0.26100.0\win-x64\MainPage.g.i.cs(65,59): error CS0102: 类型“MainPage”已经包含“SilenceWords”的定义 [D:\ProgramData\WorkSpace\EchoWindowsUIParity\windows\Echo.Windows\Echo.Windows.csproj]
C:\Users\HENRY\AppData\Local\Temp\Echo-A86-20261010\windows-obj\x64\Release\net10.0-windows10.0.26100.0\win-x64\MainPage.g.i.cs(67,62): error CS0102: 类型“MainPage”已经包含“SilenceWordsValue”的定义 [D:\ProgramData\WorkSpace\EchoWindowsUIParity\windows\Echo.Windows\Echo.Windows.csproj]
C:\Users\HENRY\AppData\Local\Temp\Echo-A86-20261010\windows-obj\x64\Release\net10.0-windows10.0.26100.0\win-x64\MainPage.g.i.cs(69,65): error CS0102: 类型“MainPage”已经包含“LongFallback”的定义 [D:\ProgramData\WorkSpace\EchoWindowsUIParity\windows\Echo.Windows\Echo.Windows.csproj]
C:\Users\HENRY\AppData\Local\Temp\Echo-A86-20261010\windows-obj\x64\Release\net10.0-windows10.0.26100.0\win-x64\MainPage.g.i.cs(71,59): error CS0102: 类型“MainPage”已经包含“LongWords”的定义 [D:\ProgramData\WorkSpace\EchoWindowsUIParity\windows\Echo.Windows\Echo.Windows.csproj]
C:\Users\HENRY\AppData\Local\Temp\Echo-A86-20261010\windows-obj\x64\Release\net10.0-windows10.0.26100.0\win-x64\MainPage.g.i.cs(73,62): error CS0102: 类型“MainPage”已经包含“LongWordsValue”的定义 [D:\ProgramData\WorkSpace\EchoWindowsUIParity\windows\Echo.Windows\Echo.Windows.csproj]
C:\Users\HENRY\AppData\Local\Temp\Echo-A86-20261010\windows-obj\x64\Release\net10.0-windows10.0.26100.0\win-x64\MainPage.g.i.cs(75,59): error CS0102: 类型“MainPage”已经包含“LongDuration”的定义 [D:\ProgramData\WorkSpace\EchoWindowsUIParity\windows\Echo.Windows\Echo.Windows.csproj]
C:\Users\HENRY\AppData\Local\Temp\Echo-A86-20261010\windows-obj\x64\Release\net10.0-windows10.0.26100.0\win-x64\MainPage.g.i.cs(77,62): error CS0102: 类型“MainPage”已经包含“LongDurationValue”的定义 [D:\ProgramData\WorkSpace\EchoWindowsUIParity\windows\Echo.Windows\Echo.Windows.csproj]
C:\Users\HENRY\AppData\Local\Temp\Echo-A86-20261010\windows-obj\x64\Release\net10.0-windows10.0.26100.0\win-x64\MainPage.g.i.cs(79,64): error CS0102: 类型“MainPage”已经包含“SettingsSourceMode”的定义 [D:\ProgramData\WorkSpace\EchoWindowsUIParity\windows\Echo.Windows\Echo.Windows.csproj]
C:\Users\HENRY\AppData\Local\Temp\Echo-A86-20261010\windows-obj\x64\Release\net10.0-windows10.0.26100.0\win-x64\MainPage.g.i.cs(81,63): error CS0102: 类型“MainPage”已经包含“PreferredSourceSettings”的定义 [D:\ProgramData\WorkSpace\EchoWindowsUIParity\windows\Echo.Windows\Echo.Windows.csproj]
C:\Users\HENRY\AppData\Local\Temp\Echo-A86-20261010\windows-obj\x64\Release\net10.0-windows10.0.26100.0\win-x64\MainPage.g.i.cs(83,61): error CS0102: 类型“MainPage”已经包含“SettingsTargetLanguage”的定义 [D:\ProgramData\WorkSpace\EchoWindowsUIParity\windows\Echo.Windows\Echo.Windows.csproj]
C:\Users\HENRY\AppData\Local\Temp\Echo-A86-20261010\windows-obj\x64\Release\net10.0-windows10.0.26100.0\win-x64\MainPage.g.i.cs(85,65): error CS0102: 类型“MainPage”已经包含“Translate”的定义 [D:\ProgramData\WorkSpace\EchoWindowsUIParity\windows\Echo.Windows\Echo.Windows.csproj]
C:\Users\HENRY\AppData\Local\Temp\Echo-A86-20261010\windows-obj\x64\Release\net10.0-windows10.0.26100.0\win-x64\MainPage.g.i.cs(87,65): error CS0102: 类型“MainPage”已经包含“Speakers”的定义 [D:\ProgramData\WorkSpace\EchoWindowsUIParity\windows\Echo.Windows\Echo.Windows.csproj]
C:\Users\HENRY\AppData\Local\Temp\Echo-A86-20261010\windows-obj\x64\Release\net10.0-windows10.0.26100.0\win-x64\MainPage.g.i.cs(89,61): error CS0102: 类型“MainPage”已经包含“SettingsSourceLanguage”的定义 [D:\ProgramData\WorkSpace\EchoWindowsUIParity\windows\Echo.Windows\Echo.Windows.csproj]
C:\Users\HENRY\AppData\Local\Temp\Echo-A86-20261010\windows-obj\x64\Release\net10.0-windows10.0.26100.0\win-x64\MainPage.g.i.cs(91,65): error CS0102: 类型“MainPage”已经包含“Strict”的定义 [D:\ProgramData\WorkSpace\EchoWindowsUIParity\windows\Echo.Windows\Echo.Windows.csproj]
C:\Users\HENRY\AppData\Local\Temp\Echo-A86-20261010\windows-obj\x64\Release\net10.0-windows10.0.26100.0\win-x64\MainPage.g.i.cs(93,68): error CS0102: 类型“MainPage”已经包含“AutomaticSourceMode”的定义 [D:\ProgramData\WorkSpace\EchoWindowsUIParity\windows\Echo.Windows\Echo.Windows.csproj]
C:\Users\HENRY\AppData\Local\Temp\Echo-A86-20261010\windows-obj\x64\Release\net10.0-windows10.0.26100.0\win-x64\MainPage.g.i.cs(95,68): error CS0102: 类型“MainPage”已经包含“PreferredSourceMode”的定义 [D:\ProgramData\WorkSpace\EchoWindowsUIParity\windows\Echo.Windows\Echo.Windows.csproj]
C:\Users\HENRY\AppData\Local\Temp\Echo-A86-20261010\windows-obj\x64\Release\net10.0-windows10.0.26100.0\win-x64\MainPage.g.i.cs(97,61): error CS0102: 类型“MainPage”已经包含“OutputDevice”的定义 [D:\ProgramData\WorkSpace\EchoWindowsUIParity\windows\Echo.Windows\Echo.Windows.csproj]
C:\Users\HENRY\AppData\Local\Temp\Echo-A86-20261010\windows-obj\x64\Release\net10.0-windows10.0.26100.0\win-x64\MainPage.g.i.cs(99,61): error CS0102: 类型“MainPage”已经包含“InputDevice”的定义 [D:\ProgramData\WorkSpace\EchoWindowsUIParity\windows\Echo.Windows\Echo.Windows.csproj]
C:\Users\HENRY\AppData\Local\Temp\Echo-A86-20261010\windows-obj\x64\Release\net10.0-windows10.0.26100.0\win-x64\MainPage.g.i.cs(101,61): error CS0102: 类型“MainPage”已经包含“ThemeChoice”的定义 [D:\ProgramData\WorkSpace\EchoWindowsUIParity\windows\Echo.Windows\Echo.Windows.csproj]
C:\Users\HENRY\AppData\Local\Temp\Echo-A86-20261010\windows-obj\x64\Release\net10.0-windows10.0.26100.0\win-x64\MainPage.g.i.cs(103,62): error CS0102: 类型“MainPage”已经包含“TranscriptFolderPath”的定义 [D:\ProgramData\WorkSpace\EchoWindowsUIParity\windows\Echo.Windows\Echo.Windows.csproj]
C:\Users\HENRY\AppData\Local\Temp\Echo-A86-20261010\windows-obj\x64\Release\net10.0-windows10.0.26100.0\win-x64\MainPage.g.i.cs(105,68): error CS0102: 类型“MainPage”已经包含“SettingsGeneral”的定义 [D:\ProgramData\WorkSpace\EchoWindowsUIParity\windows\Echo.Windows\Echo.Windows.csproj]
C:\Users\HENRY\AppData\Local\Temp\Echo-A86-20261010\windows-obj\x64\Release\net10.0-windows10.0.26100.0\win-x64\MainPage.g.i.cs(107,68): error CS0102: 类型“MainPage”已经包含“SettingsRecognition”的定义 [D:\ProgramData\WorkSpace\EchoWindowsUIParity\windows\Echo.Windows\Echo.Windows.csproj]
C:\Users\HENRY\AppData\Local\Temp\Echo-A86-20261010\windows-obj\x64\Release\net10.0-windows10.0.26100.0\win-x64\MainPage.g.i.cs(109,68): error CS0102: 类型“MainPage”已经包含“SettingsSegmentation”的定义 [D:\ProgramData\WorkSpace\EchoWindowsUIParity\windows\Echo.Windows\Echo.Windows.csproj]
C:\Users\HENRY\AppData\Local\Temp\Echo-A86-20261010\windows-obj\x64\Release\net10.0-windows10.0.26100.0\win-x64\MainPage.g.i.cs(111,68): error CS0102: 类型“MainPage”已经包含“SettingsServices”的定义 [D:\ProgramData\WorkSpace\EchoWindowsUIParity\windows\Echo.Windows\Echo.Windows.csproj]
C:\Users\HENRY\AppData\Local\Temp\Echo-A86-20261010\windows-obj\x64\Release\net10.0-windows10.0.26100.0\win-x64\MainPage.g.i.cs(113,59): error CS0102: 类型“MainPage”已经包含“BackSettingsButton”的定义 [D:\ProgramData\WorkSpace\EchoWindowsUIParity\windows\Echo.Windows\Echo.Windows.csproj]
C:\Users\HENRY\AppData\Local\Temp\Echo-A86-20261010\windows-obj\x64\Release\net10.0-windows10.0.26100.0\win-x64\MainPage.g.i.cs(115,57): error CS0102: 类型“MainPage”已经包含“SummarySection”的定义 [D:\ProgramData\WorkSpace\EchoWindowsUIParity\windows\Echo.Windows\Echo.Windows.csproj]
C:\Users\HENRY\AppData\Local\Temp\Echo-A86-20261010\windows-obj\x64\Release\net10.0-windows10.0.26100.0\win-x64\MainPage.g.i.cs(117,65): error CS0102: 类型“MainPage”已经包含“SummaryScrollViewer”的定义 [D:\ProgramData\WorkSpace\EchoWindowsUIParity\windows\Echo.Windows\Echo.Windows.csproj]
C:\Users\HENRY\AppData\Local\Temp\Echo-A86-20261010\windows-obj\x64\Release\net10.0-windows10.0.26100.0\win-x64\MainPage.g.i.cs(119,61): error CS0102: 类型“MainPage”已经包含“SummaryScope”的定义 [D:\ProgramData\WorkSpace\EchoWindowsUIParity\windows\Echo.Windows\Echo.Windows.csproj]
C:\Users\HENRY\AppData\Local\Temp\Echo-A86-20261010\windows-obj\x64\Release\net10.0-windows10.0.26100.0\win-x64\MainPage.g.i.cs(121,59): error CS0102: 类型“MainPage”已经包含“SummaryExpandButton”的定义 [D:\ProgramData\WorkSpace\EchoWindowsUIParity\windows\Echo.Windows\Echo.Windows.csproj]
C:\Users\HENRY\AppData\Local\Temp\Echo-A86-20261010\windows-obj\x64\Release\net10.0-windows10.0.26100.0\win-x64\MainPage.g.i.cs(123,59): error CS0102: 类型“MainPage”已经包含“SummaryCopyButton”的定义 [D:\ProgramData\WorkSpace\EchoWindowsUIParity\windows\Echo.Windows\Echo.Windows.csproj]
C:\Users\HENRY\AppData\Local\Temp\Echo-A86-20261010\windows-obj\x64\Release\net10.0-windows10.0.26100.0\win-x64\MainPage.g.i.cs(125,63): error CS0102: 类型“MainPage”已经包含“SummaryBlocks”的定义 [D:\ProgramData\WorkSpace\EchoWindowsUIParity\windows\Echo.Windows\Echo.Windows.csproj]
C:\Users\HENRY\AppData\Local\Temp\Echo-A86-20261010\windows-obj\x64\Release\net10.0-windows10.0.26100.0\win-x64\MainPage.g.i.cs(127,62): error CS0102: 类型“MainPage”已经包含“SummaryRecordingHint”的定义 [D:\ProgramData\WorkSpace\EchoWindowsUIParity\windows\Echo.Windows\Echo.Windows.csproj]
C:\Users\HENRY\AppData\Local\Temp\Echo-A86-20261010\windows-obj\x64\Release\net10.0-windows10.0.26100.0\win-x64\MainPage.g.i.cs(129,57): error CS0102: 类型“MainPage”已经包含“RecordingToolbar”的定义 [D:\ProgramData\WorkSpace\EchoWindowsUIParity\windows\Echo.Windows\Echo.Windows.csproj]
C:\Users\HENRY\AppData\Local\Temp\Echo-A86-20261010\windows-obj\x64\Release\net10.0-windows10.0.26100.0\win-x64\MainPage.g.i.cs(131,58): error CS0102: 类型“MainPage”已经包含“AudioDot”的定义 [D:\ProgramData\WorkSpace\EchoWindowsUIParity\windows\Echo.Windows\Echo.Windows.csproj]
C:\Users\HENRY\AppData\Local\Temp\Echo-A86-20261010\windows-obj\x64\Release\net10.0-windows10.0.26100.0\win-x64\MainPage.g.i.cs(133,62): error CS0102: 类型“MainPage”已经包含“AudioStatus”的定义 [D:\ProgramData\WorkSpace\EchoWindowsUIParity\windows\Echo.Windows\Echo.Windows.csproj]
C:\Users\HENRY\AppData\Local\Temp\Echo-A86-20261010\windows-obj\x64\Release\net10.0-windows10.0.26100.0\win-x64\MainPage.g.i.cs(135,63): error CS0102: 类型“MainPage”已经包含“WaveformBars”的定义 [D:\ProgramData\WorkSpace\EchoWindowsUIParity\windows\Echo.Windows\Echo.Windows.csproj]
C:\Users\HENRY\AppData\Local\Temp\Echo-A86-20261010\windows-obj\x64\Release\net10.0-windows10.0.26100.0\win-x64\MainPage.g.i.cs(137,62): error CS0102: 类型“MainPage”已经包含“ArchiveTitle”的定义 [D:\ProgramData\WorkSpace\EchoWindowsUIParity\windows\Echo.Windows\Echo.Windows.csproj]
C:\Users\HENRY\AppData\Local\Temp\Echo-A86-20261010\windows-obj\x64\Release\net10.0-windows10.0.26100.0\win-x64\MainPage.g.i.cs(139,59): error CS0102: 类型“MainPage”已经包含“ArchiveFlyout”的定义 [D:\ProgramData\WorkSpace\EchoWindowsUIParity\windows\Echo.Windows\Echo.Windows.csproj]
C:\Users\HENRY\AppData\Local\Temp\Echo-A86-20261010\windows-obj\x64\Release\net10.0-windows10.0.26100.0\win-x64\MainPage.g.i.cs(141,60): error CS0102: 类型“MainPage”已经包含“ResponsiveStates”的定义 [D:\ProgramData\WorkSpace\EchoWindowsUIParity\windows\Echo.Windows\Echo.Windows.csproj]
C:\Users\HENRY\AppData\Local\Temp\Echo-A86-20261010\windows-obj\x64\Release\net10.0-windows10.0.26100.0\win-x64\MainPage.g.i.cs(143,55): error CS0102: 类型“MainPage”已经包含“RecordingToolbarCompact”的定义 [D:\ProgramData\WorkSpace\EchoWindowsUIParity\windows\Echo.Windows\Echo.Windows.csproj]
C:\Users\HENRY\AppData\Local\Temp\Echo-A86-20261010\windows-obj\x64\Release\net10.0-windows10.0.26100.0\win-x64\MainPage.g.i.cs(145,55): error CS0102: 类型“MainPage”已经包含“RecordingToolbarWide”的定义 [D:\ProgramData\WorkSpace\EchoWindowsUIParity\windows\Echo.Windows\Echo.Windows.csproj]
C:\Users\HENRY\AppData\Local\Temp\Echo-A86-20261010\windows-obj\x64\Release\net10.0-windows10.0.26100.0\win-x64\MainPage.g.i.cs(147,61): error CS0102: 类型“MainPage”已经包含“Mode”的定义 [D:\ProgramData\WorkSpace\EchoWindowsUIParity\windows\Echo.Windows\Echo.Windows.csproj]
C:\Users\HENRY\AppData\Local\Temp\Echo-A86-20261010\windows-obj\x64\Release\net10.0-windows10.0.26100.0\win-x64\MainPage.g.i.cs(149,59): error CS0102: 类型“MainPage”已经包含“AudioModeButton”的定义 [D:\ProgramData\WorkSpace\EchoWindowsUIParity\windows\Echo.Windows\Echo.Windows.csproj]
C:\Users\HENRY\AppData\Local\Temp\Echo-A86-20261010\windows-obj\x64\Release\net10.0-windows10.0.26100.0\win-x64\MainPage.g.i.cs(151,63): error CS0102: 类型“MainPage”已经包含“ConnectionStatusControl”的定义 [D:\ProgramData\WorkSpace\EchoWindowsUIParity\windows\Echo.Windows\Echo.Windows.csproj]
C:\Users\HENRY\AppData\Local\Temp\Echo-A86-20261010\windows-obj\x64\Release\net10.0-windows10.0.26100.0\win-x64\MainPage.g.i.cs(153,58): error CS0102: 类型“MainPage”已经包含“ConnectionDot”的定义 [D:\ProgramData\WorkSpace\EchoWindowsUIParity\windows\Echo.Windows\Echo.Windows.csproj]
C:\Users\HENRY\AppData\Local\Temp\Echo-A86-20261010\windows-obj\x64\Release\net10.0-windows10.0.26100.0\win-x64\MainPage.g.i.cs(155,62): error CS0102: 类型“MainPage”已经包含“AudioModeTitle”的定义 [D:\ProgramData\WorkSpace\EchoWindowsUIParity\windows\Echo.Windows\Echo.Windows.csproj]
C:\Users\HENRY\AppData\Local\Temp\Echo-A86-20261010\windows-obj\x64\Release\net10.0-windows10.0.26100.0\win-x64\MainPage.g.i.cs(157,63): error CS0102: 类型“MainPage”已经包含“AudioModeFlyout”的定义 [D:\ProgramData\WorkSpace\EchoWindowsUIParity\windows\Echo.Windows\Echo.Windows.csproj]
C:\Users\HENRY\AppData\Local\Temp\Echo-A86-20261010\windows-obj\x64\Release\net10.0-windows10.0.26100.0\win-x64\MainPage.g.i.cs(159,62): error CS0102: 类型“MainPage”已经包含“EmptyHint”的定义 [D:\ProgramData\WorkSpace\EchoWindowsUIParity\windows\Echo.Windows\Echo.Windows.csproj]
C:\Users\HENRY\AppData\Local\Temp\Echo-A86-20261010\windows-obj\x64\Release\net10.0-windows10.0.26100.0\win-x64\MainPage.g.i.cs(161,61): error CS0102: 类型“MainPage”已经包含“TranscriptList”的定义 [D:\ProgramData\WorkSpace\EchoWindowsUIParity\windows\Echo.Windows\Echo.Windows.csproj]
C:\Users\HENRY\AppData\Local\Temp\Echo-A86-20261010\windows-obj\x64\Release\net10.0-windows10.0.26100.0\win-x64\MainPage.g.i.cs(163,59): error CS0102: 类型“MainPage”已经包含“NewContentButton”的定义 [D:\ProgramData\WorkSpace\EchoWindowsUIParity\windows\Echo.Windows\Echo.Windows.csproj]
C:\Users\HENRY\AppData\Local\Temp\Echo-A86-20261010\windows-obj\x64\Release\net10.0-windows10.0.26100.0\win-x64\MainPage.g.i.cs(165,62): error CS0102: 类型“MainPage”已经包含“LanguageNextSessionHint”的定义 [D:\ProgramData\WorkSpace\EchoWindowsUIParity\windows\Echo.Windows\Echo.Windows.csproj]
C:\Users\HENRY\AppData\Local\Temp\Echo-A86-20261010\windows-obj\x64\Release\net10.0-windows10.0.26100.0\win-x64\MainPage.g.i.cs(167,59): error CS0102: 类型“MainPage”已经包含“SourceLanguageChoice”的定义 [D:\ProgramData\WorkSpace\EchoWindowsUIParity\windows\Echo.Windows\Echo.Windows.csproj]
C:\Users\HENRY\AppData\Local\Temp\Echo-A86-20261010\windows-obj\x64\Release\net10.0-windows10.0.26100.0\win-x64\MainPage.g.i.cs(169,59): error CS0102: 类型“MainPage”已经包含“TargetLanguageChoice”的定义 [D:\ProgramData\WorkSpace\EchoWindowsUIParity\windows\Echo.Windows\Echo.Windows.csproj]
C:\Users\HENRY\AppData\Local\Temp\Echo-A86-20261010\windows-obj\x64\Release\net10.0-windows10.0.26100.0\win-x64\MainPage.g.i.cs(171,62): error CS0102: 类型“MainPage”已经包含“TargetLanguageTitle”的定义 [D:\ProgramData\WorkSpace\EchoWindowsUIParity\windows\Echo.Windows\Echo.Windows.csproj]
C:\Users\HENRY\AppData\Local\Temp\Echo-A86-20261010\windows-obj\x64\Release\net10.0-windows10.0.26100.0\win-x64\MainPage.g.i.cs(173,63): error CS0102: 类型“MainPage”已经包含“TargetLanguageFlyout”的定义 [D:\ProgramData\WorkSpace\EchoWindowsUIParity\windows\Echo.Windows\Echo.Windows.csproj]
C:\Users\HENRY\AppData\Local\Temp\Echo-A86-20261010\windows-obj\x64\Release\net10.0-windows10.0.26100.0\win-x64\MainPage.g.i.cs(175,62): error CS0102: 类型“MainPage”已经包含“SourceLanguageTitle”的定义 [D:\ProgramData\WorkSpace\EchoWindowsUIParity\windows\Echo.Windows\Echo.Windows.csproj]
C:\Users\HENRY\AppData\Local\Temp\Echo-A86-20261010\windows-obj\x64\Release\net10.0-windows10.0.26100.0\win-x64\MainPage.g.i.cs(177,63): error CS0102: 类型“MainPage”已经包含“SourceLanguageFlyout”的定义 [D:\ProgramData\WorkSpace\EchoWindowsUIParity\windows\Echo.Windows\Echo.Windows.csproj]
C:\Users\HENRY\AppData\Local\Temp\Echo-A86-20261010\windows-obj\x64\Release\net10.0-windows10.0.26100.0\win-x64\MainPage.g.i.cs(179,59): error CS0102: 类型“MainPage”已经包含“SubtitleOverlayButton”的定义 [D:\ProgramData\WorkSpace\EchoWindowsUIParity\windows\Echo.Windows\Echo.Windows.csproj]
C:\Users\HENRY\AppData\Local\Temp\Echo-A86-20261010\windows-obj\x64\Release\net10.0-windows10.0.26100.0\win-x64\MainPage.g.i.cs(181,59): error CS0102: 类型“MainPage”已经包含“SettingsButton”的定义 [D:\ProgramData\WorkSpace\EchoWindowsUIParity\windows\Echo.Windows\Echo.Windows.csproj]
C:\Users\HENRY\AppData\Local\Temp\Echo-A86-20261010\windows-obj\x64\Release\net10.0-windows10.0.26100.0\win-x64\MainPage.g.i.cs(183,67): error CS0102: 类型“MainPage”已经包含“ToggleOverlayMenuItem”的定义 [D:\ProgramData\WorkSpace\EchoWindowsUIParity\windows\Echo.Windows\Echo.Windows.csproj]
C:\Users\HENRY\AppData\Local\Temp\Echo-A86-20261010\windows-obj\x64\Release\net10.0-windows10.0.26100.0\win-x64\MainPage.g.i.cs(185,67): error CS0102: 类型“MainPage”已经包含“AdjustOverlayMenuItem”的定义 [D:\ProgramData\WorkSpace\EchoWindowsUIParity\windows\Echo.Windows\Echo.Windows.csproj]
C:\Users\HENRY\AppData\Local\Temp\Echo-A86-20261010\windows-obj\x64\Release\net10.0-windows10.0.26100.0\win-x64\MainPage.g.i.cs(187,67): error CS0102: 类型“MainPage”已经包含“LockOverlayMenuItem”的定义 [D:\ProgramData\WorkSpace\EchoWindowsUIParity\windows\Echo.Windows\Echo.Windows.csproj]
C:\Users\HENRY\AppData\Local\Temp\Echo-A86-20261010\windows-obj\x64\Release\net10.0-windows10.0.26100.0\win-x64\MainPage.g.i.cs(191,22): error CS0102: 类型“MainPage”已经包含“_contentLoaded”的定义 [D:\ProgramData\WorkSpace\EchoWindowsUIParity\windows\Echo.Windows\Echo.Windows.csproj]
C:\Users\HENRY\AppData\Local\Temp\Echo-A86-20261010\windows-obj\x64\Release\net10.0-windows10.0.26100.0\win-x64\MainPage.g.i.cs(198,21): error CS0111: 类型“MainPage”已定义了一个名为“InitializeComponent”的具有相同参数类型的成员 [D:\ProgramData\WorkSpace\EchoWindowsUIParity\windows\Echo.Windows\Echo.Windows.csproj]
C:\Users\HENRY\AppData\Local\Temp\Echo-A86-20261010\windows-obj\x64\Release\net10.0-windows10.0.26100.0\win-x64\MainPage.g.i.cs(222,22): error CS0111: 类型“MainPage”已定义了一个名为“UnloadObject”的具有相同参数类型的成员 [D:\ProgramData\WorkSpace\EchoWindowsUIParity\windows\Echo.Windows\Echo.Windows.csproj]
C:\Users\HENRY\AppData\Local\Temp\Echo-A86-20261010\windows-obj\x64\Release\net10.0-windows10.0.26100.0\win-x64\MainPage.g.i.cs(242,36): error CS0102: 类型“MainPage”已经包含“Bindings”的定义 [D:\ProgramData\WorkSpace\EchoWindowsUIParity\windows\Echo.Windows\Echo.Windows.csproj]
C:\Users\HENRY\AppData\Local\Temp\Echo-A86-20261010\windows-obj\x64\Release\net10.0-windows10.0.26100.0\win-x64\MainPage.g.i.cs(224,10): error CS0579: “global::System.CodeDom.Compiler.GeneratedCodeAttribute”特性重复 [D:\ProgramData\WorkSpace\EchoWindowsUIParity\windows\Echo.Windows\Echo.Windows.csproj]
C:\Users\HENRY\AppData\Local\Temp\Echo-A86-20261010\windows-obj\x64\Release\net10.0-windows10.0.26100.0\win-x64\MainPage.g.i.cs(227,18): error CS0111: 类型“MainPage.IMainPage_Bindings”已定义了一个名为“Initialize”的具有相同参数类型的成员 [D:\ProgramData\WorkSpace\EchoWindowsUIParity\windows\Echo.Windows\Echo.Windows.csproj]
C:\Users\HENRY\AppData\Local\Temp\Echo-A86-20261010\windows-obj\x64\Release\net10.0-windows10.0.26100.0\win-x64\MainPage.g.i.cs(228,18): error CS0111: 类型“MainPage.IMainPage_Bindings”已定义了一个名为“Update”的具有相同参数类型的成员 [D:\ProgramData\WorkSpace\EchoWindowsUIParity\windows\Echo.Windows\Echo.Windows.csproj]
C:\Users\HENRY\AppData\Local\Temp\Echo-A86-20261010\windows-obj\x64\Release\net10.0-windows10.0.26100.0\win-x64\MainPage.g.i.cs(229,18): error CS0111: 类型“MainPage.IMainPage_Bindings”已定义了一个名为“StopTracking”的具有相同参数类型的成员 [D:\ProgramData\WorkSpace\EchoWindowsUIParity\windows\Echo.Windows\Echo.Windows.csproj]
C:\Users\HENRY\AppData\Local\Temp\Echo-A86-20261010\windows-obj\x64\Release\net10.0-windows10.0.26100.0\win-x64\MainPage.g.i.cs(230,18): error CS0111: 类型“MainPage.IMainPage_Bindings”已定义了一个名为“DisconnectUnloadedObject”的具有相同参数类型的成员 [D:\ProgramData\WorkSpace\EchoWindowsUIParity\windows\Echo.Windows\Echo.Windows.csproj]
C:\Users\HENRY\AppData\Local\Temp\Echo-A86-20261010\windows-obj\x64\Release\net10.0-windows10.0.26100.0\win-x64\MainPage.g.i.cs(236,18): error CS0111: 类型“MainPage.IMainPage_BindingsScopeConnector”已定义了一个名为“ContainsElement”的具有相同参数类型的成员 [D:\ProgramData\WorkSpace\EchoWindowsUIParity\windows\Echo.Windows\Echo.Windows.csproj]
C:\Users\HENRY\AppData\Local\Temp\Echo-A86-20261010\windows-obj\x64\Release\net10.0-windows10.0.26100.0\win-x64\MainPage.g.i.cs(237,18): error CS0111: 类型“MainPage.IMainPage_BindingsScopeConnector”已定义了一个名为“RegisterForElementConnection”的具有相同参数类型的成员 [D:\ProgramData\WorkSpace\EchoWindowsUIParity\windows\Echo.Windows\Echo.Windows.csproj]
D:\ProgramData\WorkSpace\EchoWindowsUIParity\windows\Echo.Windows\MainPage.xaml(31,30): XamlCompiler error WMC0909: Cannot resolve DataType core:Subtitle [D:\ProgramData\WorkSpace\EchoWindowsUIParity\windows\Echo.Windows\Echo.Windows.csproj]
MainPage.xaml(33,9): XamlCompiler error WMC1111: DataTemplates containing x:Bind need a DataType to be specified using 'x:DataType' [D:\ProgramData\WorkSpace\EchoWindowsUIParity\windows\Echo.Windows\Echo.Windows.csproj]
C:\Users\HENRY\.nuget\packages\microsoft.windowsappsdk.winui\2.3.6\buildTransitive\Microsoft.UI.Xaml.Markup.Compiler.interop.targets(864,9): Xaml Internal Error error WMC9999: 未将对象引用设置到对象的实例。 [D:\ProgramData\WorkSpace\EchoWindowsUIParity\windows\Echo.Windows\Echo.Windows.csproj]
    1 个警告
    111 个错误

已用时间 00:00:11.28
